Archive member included because of file (symbol)

../Compiler/SGL_302j/lib_coff/libcpk.a(cpk_lib.o)
                              ../jo_engine/video.o (CPK_Init)
../Compiler/SGL_302j/lib_coff/libcpk.a(cpk_gfs.o)
                              ../jo_engine/video.o (CPK_CreateGfsMovie)
../Compiler/SGL_302j/lib_coff/libcpk.a(cpk_mp.o)
                              ../Compiler/SGL_302j/lib_coff/libcpk.a(cpk_lib.o) (CPK_MeSetErrCode)
../Compiler/SGL_302j/lib_coff/libcpk.a(cpk_time.o)
                              ../Compiler/SGL_302j/lib_coff/libcpk.a(cpk_mp.o) (cpk_InitClock)
../Compiler/SGL_302j/lib_coff/libcpk.a(cpk_deb.o)
                              ../Compiler/SGL_302j/lib_coff/libcpk.a(cpk_mp.o) (cpkd_sys)
../Compiler/SGL_302j/lib_coff/libcpk.a(slavesh.o)
                              ../Compiler/SGL_302j/lib_coff/libcpk.a(cpk_mp.o) (InitSlaveSH)
../Compiler/SGL_302j/lib_coff/libcpk.a(cpk_vide.o)
                              ../Compiler/SGL_302j/lib_coff/libcpk.a(cpk_mp.o) (cpk_InitVideo)
../Compiler/SGL_302j/lib_coff/libcpk.a(cpk_etc.o)
                              ../Compiler/SGL_302j/lib_coff/libcpk.a(cpk_mp.o) (cpk_bit_msk)
../Compiler/SGL_302j/lib_coff/libcpk.a(cpk_audi.o)
                              ../Compiler/SGL_302j/lib_coff/libcpk.a(cpk_mp.o) (cpk_Polling)
../Compiler/SGL_302j/lib_coff/libcpk.a(cpk_scu.o)
                              ../Compiler/SGL_302j/lib_coff/libcpk.a(cpk_mp.o) (cpk_InitScuDspDma)
../Compiler/SGL_302j/lib_coff/libcpk.a(cpk_mc15.o)
                              ../Compiler/SGL_302j/lib_coff/libcpk.a(cpk_vide.o) (cpk_MakeCodeBook15from24)
../Compiler/SGL_302j/lib_coff/libcpk.a(cpk_ra15.o)
                              ../Compiler/SGL_302j/lib_coff/libcpk.a(cpk_vide.o) (cpk_DecIntra15)
../Compiler/SGL_302j/lib_coff/libcpk.a(cpk_er15.o)
                              ../Compiler/SGL_302j/lib_coff/libcpk.a(cpk_vide.o) (cpk_DecInter15)
../Compiler/SGL_302j/lib_coff/LIBSND.a(snd_main.o)
                              ../Compiler/SGL_302j/lib_coff/libcpk.a(cpk_audi.o) (SND_StartPcm)
../Compiler/SGL_302j/lib_coff/LIBCD.A(GFS.O)
                              ../jo_engine/fs.o (GFS_Init)
../Compiler/SGL_302j/lib_coff/LIBCD.A(CDC_DRV.O)
                              ../jo_engine/audio.o (CDC_CdPlay)
../Compiler/SGL_302j/lib_coff/LIBCD.A(CDC_CMN.O)
                              ../jo_engine/audio.o (CDC_CdInit)
../Compiler/SGL_302j/lib_coff/LIBCD.A(GFS_CDF.O)
                              ../Compiler/SGL_302j/lib_coff/LIBCD.A(GFS.O) (GFCF_Init)
../Compiler/SGL_302j/lib_coff/LIBCD.A(GFS_DIR.O)
                              ../Compiler/SGL_302j/lib_coff/LIBCD.A(GFS.O) (GFDR_SetupDirTbl)
../Compiler/SGL_302j/lib_coff/LIBCD.A(GFS_TRN.O)
                              ../Compiler/SGL_302j/lib_coff/LIBCD.A(GFS.O) (GFTR_Setup)
../Compiler/SGL_302j/lib_coff/LIBCD.A(GFS_BUF.O)
                              ../Compiler/SGL_302j/lib_coff/LIBCD.A(GFS.O) (GFBF_GetNumData)
../Compiler/SGL_302j/lib_coff/LIBCD.A(GFS_CDB.O)
                              ../Compiler/SGL_302j/lib_coff/LIBCD.A(GFS_CDF.O) (GFCB_Setup)
../Compiler/SGL_302j/lib_coff/LIBCD.A(GFS_CDC.O)
                              ../Compiler/SGL_302j/lib_coff/LIBCD.A(GFS.O) (GFCD_SetCdbfs)
../Compiler/SGL_302j/lib_coff/LIBCD.A(CDC_SUB.O)
                              ../Compiler/SGL_302j/lib_coff/LIBCD.A(CDC_CMN.O) (CDSUB_UpdStatus)
../Compiler/SGL_302j/lib_coff/LIBCD.A(CDC_REG.O)
                              ../Compiler/SGL_302j/lib_coff/LIBCD.A(GFS_CDB.O) (CDC_GetDataPtr)
../Compiler/SGL_302j/lib_coff/LIBCD.A(CDC_CFS.O)
                              ../Compiler/SGL_302j/lib_coff/LIBCD.A(GFS_CDC.O) (CDC_ChgDir)
../Compiler/SGL_302j/lib_coff/LIBCD.A(CDC_BIO.O)
                              ../Compiler/SGL_302j/lib_coff/LIBCD.A(GFS_CDC.O) (CDC_SetSctLen)
../Compiler/SGL_302j/lib_coff/LIBCD.A(CDC_SEL.O)
                              ../Compiler/SGL_302j/lib_coff/LIBCD.A(GFS_CDC.O) (CDC_SetFiltRange)
../Compiler/SGL_302j/lib_coff/LIBCD.A(CDC_BIF.O)
                              ../Compiler/SGL_302j/lib_coff/LIBCD.A(GFS_CDC.O) (CDC_GetBufSiz)
../Compiler/SGL_302j/lib_coff/LIBCD.A(CDC_DEV.O)
                              ../Compiler/SGL_302j/lib_coff/LIBCD.A(GFS_CDC.O) (CDC_CdSetCon)
../Compiler/SGL_302j/lib_coff/LIBSGL.A(sglF00.o)
                              main.o (slCurColor)
../Compiler/SGL_302j/lib_coff/LIBSGL.A(sglH00.o)
                              main.o (Smpc_Peripheral)
../Compiler/SGL_302j/lib_coff/LIBSGL.A(sglI04.o)
                              ../jo_engine/video.o (slIntFunction)
../Compiler/SGL_302j/lib_coff/LIBSGL.A(sglG01.o)
                              ../jo_engine/audio.o (slSndVolume)
../Compiler/SGL_302j/lib_coff/LIBSGL.A(sglG00.o)
                              ../jo_engine/audio.o (slInitSound)
../Compiler/SGL_302j/lib_coff/LIBSGL.A(sglG19.o)
                              ../jo_engine/audio.o (slCDDAOn)
[...]
Memory Configuration

Name             Origin             Length             Attributes
*default*        0x00000000         0xffffffff

Linker script and memory map

TARGET(coff-sh)

SLSTART         0x06004000       0x30
                0x06004000                ___Start = .
 *(SLSTART)
 SLSTART        0x06004000       0x28 ../Compiler/SGL_302j/lib_coff/LIBSGL.A(sglI00.o)
                0x06004002                slStartSGL
                0x06004000                SGL_Start

.text           0x06004040    0x18f10
 *(.text)
 .text          0x06004040      0x100 main.o
 .text          0x06004140       0x50 alex.o
 .text          0x06004190       0x60 title.o
 .text          0x060041f0       0x40 pause.o
 .text          0x06004230       0x20 enemy.o
 .text          0x06004250      0x100 ../jo_engine/video.o
 .text          0x06004350       0xd0 ../jo_engine/tga.o
 .text          0x06004420       0x50 ../jo_engine/audio.o
 .text          0x06004470       0x90 ../jo_engine/font.o
 .text          0x06004500      0x130 ../jo_engine/core.o
 .text          0x06004630       0x30 ../jo_engine/math.o
 .text          0x06004660       0x60 ../jo_engine/malloc.o
 .text          0x060046c0       0xf0 ../jo_engine/fs.o
 .text          0x060047b0       0x30 ../jo_engine/tools.o
 .text          0x060047e0       0xa0 ../jo_engine/sprites.o
 .text          0x06004880       0x60 ../jo_engine/map.o
 .text          0x060048e0       0x10 ../jo_engine/list.o
 .text          0x060048f0       0x50 ../jo_engine/sprite_animator.o
 .text          0x06004940       0xe0 ../jo_engine/image.o
 .text          0x06004a20      0xac4 ../Compiler/SGL_302j/lib_coff/libcpk.a(cpk_lib.o)
                0x06004bfc                CPK_VblIn
                0x06004ff0                CPK_GetHeader
                0x06005148                CPK_GetWriteBuf
                0x06004db4                CPK_SetSpeed
                0x06004ed8                CPK_SetDecodeAddr
                0x06004de4                CPK_EntryNext
                0x06005130                CPK_SetCpu
                0x06004d84                CPK_SetVolume
                0x060053dc                CPK_AllocScuDsp
                0x06005214                CPK_PreloadHeader
                0x0600540c                CPK_SetStartTrgSize
                0x06004d10                CPK_SetPcmStreamNo
                0x0600507c                CPK_IsKeyframe
                0x06005314                CPK_SetSilenceRate
                0x06004c14                CPK_Start
                0x0600543c                CPK_GetStockSize
                0x060053f4                CPK_FreeScuDsp
                0x06005118                CPK_SetErrFunc
                0x060050b4                CPK_CompleteDisp
                0x06005020                CPK_IsDispTime
                0x06004c9c                CPK_GetTime
                0x06004d54                CPK_SetPan
                0x06004a5c                CPK_CreateMemMovie
                0x06004ec0                CPK_CheckChange
                0x06004dfc                CPK_Change
                0x06005390                CPK_SetTrModeCd
                0x060052b4                CPK_SetColor
                0x06004f60                CPK_GetTimeScale
                0x06005490                CPK_GetStockTime
                0x06005180                CPK_NotifyWriteSize
                0x06004f24                CPK_SetLoadNum
                0x06004c6c                CPK_Pause
                0x06005344                CPK_SetTrModePcm
                0x06004fc0                CPK_GetPlayStatus
                0x06004a20                CPK_Init
                0x06004b54                CPK_DestroyMemMovie
                0x06004ba4                CPK_Task
                0x06004a44                CPK_Finish
                0x06004c40                CPK_Stop
                0x060051bc                CPK_PreloadMovie
                0x060052e4                CPK_SetKeyOutRange
                0x06005100                CPK_GetErr
 *fill*         0x060054e4        0xc 00
 .text          0x060054f0      0x624 ../Compiler/SGL_302j/lib_coff/libcpk.a(cpk_gfs.o)
                0x06005794                CPK_GfsTask
                0x060054f0                CPK_CreateGfsMovie
                0x060059e8                CPK_GfsSetTrMode
                0x060056bc                CPK_GfsCreate
                0x06005a8c                CPK_GfsGetStockTime
                0x0600566c                CPK_DestroyGfsMovie
                0x06005930                CPK_GfsPreloadMovie
                0x0600577c                CPK_GfsStart
                0x060057e0                cpkgfs_loadBuf
                0x06005a30                CPK_GfsGetStockSize
                0x0600570c                CPK_GfsSetLoadNum
 *fill*         0x06005b14        0xc 00
 .text          0x06005b20     0x2338 ../Compiler/SGL_302j/lib_coff/libcpk.a(cpk_mp.o)
                0x0600703c                CPK_MeChange
                0x060066a0                cpk_WaitDmaFinish
                0x06006d08                CPK_MeSetDecodeTiming
                0x060063d0                CPK_MeGetStockSize
                0x06006444                CPK_MeGetHeader
                0x06006dc0                CPK_MeSetSilenceRate
                0x060070d4                cpk_RequestDispFrameOn
                0x06006dec                cpk_CheckSeamless
                0x06006db0                CPK_MeSetCkeyCutoff
                0x06006e84                cpk_StartNext
                0x06005bfc                cpk_InitPcm
                0x06005c08                CPK_MeSetTrModePcm
                0x06006224                CPK_MeRenewWrite
                0x06006d7c                CPK_MeSetSpeed
                0x06006458                CPK_MeStart
                0x06006c1c                cpk_StartTimer
                0x06005e7c                CPK_MeCreate
                0x060066e8                CPK_MeStop
                0x06005bac                CPK_MeGetErrCode
                0x06006434                CPK_MeGetStatus
                0x0600694c                CPK_MePause
                0x060075c4                cpk_FillSilence
                0x06006424                CPK_MeGetPara
                0x060062c8                cpk_ChkCopyFlop
                0x060071d8                cpk_AudioProcess
                0x06006f7c                CPK_MeCheckChange
                0x06006468                cpk_RemoveReturnNoise
                0x06005bd4                CPK_MeSetCpu
                0x06005c34                CPK_MeInit
                0x06005b44                CPK_MeSetErrCode
                0x0600779c                cpk_VideoProcess
                0x06006720                cpk_PauseOn
                0x060063ec                CPK_MeGetStockTime
                0x06006f6c                CPK_MeGetEntryNext
                0x06006884                cpk_PauseOff
                0x06006520                cpk_CheckDma
                0x060064c8                CPK_MeAllocScuDsp
                0x06006100                CPK_MeDestroy
                0x06006d34                CPK_MeSetPan
                0x06007170                CPK_MeRequestDispFrameOff
                0x06006198                CPK_MeGetWrite
                0x06007070                CPK_MeGetHandle
                0x060064fc                CPK_MeFreeScuDsp
                0x060069b8                cpk_HeaderProcess
                0x060070a0                CPK_MeIsCreate
                0x06006d58                CPK_MeSetVolume
                0x06005e04                CPK_MeVblIn
                0x06005d0c                CPK_MeFinish
                0x06006de0                CPK_MeSetStartTrgSize
                0x06007b30                CPK_MeTask
                0x06006f5c                CPK_MeEntryNext
                0x06005d70                cpk_CountUpVblCnt
                0x06006d24                CPK_MeSetColor
                0x06006dd0                CPK_MeSetKomaotoshi
                0x06005bbc                CPK_MeSetErrFunc
 *fill*         0x06007e58        0x8 00
 .text          0x06007e60      0x8e0 ../Compiler/SGL_302j/lib_coff/libcpk.a(cpk_time.o)
                0x06008554                CPK_MeGetTimeTotal
                0x06007fa0                cpk_GetTimePcm
                0x0600867c                cpk_Offset2Time
                0x0600863c                cpk_AudioSize2Sample
                0x06007efc                cpk_StartClock
                0x06007e60                cpk_InitClock
                0x06007e88                cpk_GetCount
                0x06008084                CPK_MeGetTime
                0x06007f4c                cpk_GetClock
 .text          0x06008740      0x184 ../Compiler/SGL_302j/lib_coff/libcpk.a(cpk_deb.o)
                0x06008740                CPKD_SetMode
                0x06008838                CPKD_PrintStr
                0x06008794                CPKD_Init
                0x0600888c                CPKD_PrintData
                0x06008750                CPKD_SetPrintAddr
 *fill*         0x060088c4        0xc 00
 .text          0x060088d0       0xfc ../Compiler/SGL_302j/lib_coff/libcpk.a(slavesh.o)
                0x060088d4                InitSlaveSH
                0x060088d1                SMPC_SSHOFF
                0x0600897c                SlaveSHmain
                0x060088d0                SMPC_SSHON
 *fill*         0x060089cc        0x4 00
 .text          0x060089d0     0x138c ../Compiler/SGL_302j/lib_coff/libcpk.a(cpk_vide.o)
                0x06009a70                cpk_VideoSampleNone
                0x06008d54                cpk_SeeThrough15
                0x060095fc                cpk_VideoSampleCvid
                0x060089d0                cpk_InitVideo
 *fill*         0x06009d5c        0x4 00
 .text          0x06009d60      0x20c ../Compiler/SGL_302j/lib_coff/libcpk.a(cpk_etc.o)
                0x06009d60                cpk_bit_msk
                0x06009e04                cpk_MemsetDword
                0x06009e88                cpk_MemmoveDword
                0x06009de0                cpk_bittbl
                0x06009e20                cpk_MemcpyDword
                0x06009ed0                cpk_RotateByte
                0x06009e44                cpk_MemmoveByte
                0x06009de8                cpk_MemsetWord
                0x06009f1c                cpk_RotateDword
 *fill*         0x06009f6c        0x4 00
 .text          0x06009f70      0x86e ../Compiler/SGL_302j/lib_coff/libcpk.a(cpk_audi.o)
                0x0600a1fc                cpk_ChangePcmPara
                0x0600a560                cpk_StopPcm
                0x0600a114                cpk_InitPolling
                0x0600a62c                cpk_RotatePcmbuf
                0x0600a778                cpk_RenewPcmWrite
                0x0600a350                cpk_StartPcm
                0x0600a6c4                cpk_GetPcmWrite
                0x0600a084                cpk_4ksampleProcess
                0x0600a1b0                cpk_GetSmplingRatePcmLevel
                0x0600a140                cpk_Polling
 *fill*         0x0600a7de        0x2 00
 .text          0x0600a7e0       0xf0 ../Compiler/SGL_302j/lib_coff/libcpk.a(cpk_scu.o)
                0x0600a820                cpk_IsCompletedScuDspDma
                0x0600a812                cpk_WaitCompletedScuDspDma
                0x0600a7e0                cpk_InitScuDspDma
                0x0600a7fc                cpk_TransScuDspDma
 .text          0x0600a8d0      0x2a4 ../Compiler/SGL_302j/lib_coff/libcpk.a(cpk_mc15.o)
                0x0600a8d0                cpk_MakeCodeBook15from24
 *fill*         0x0600ab74        0xc 00
 .text          0x0600ab80      0x12a ../Compiler/SGL_302j/lib_coff/libcpk.a(cpk_ra15.o)
                0x0600ab80                cpk_DecIntra15
 *fill*         0x0600acaa        0x6 00
 .text          0x0600acb0      0x152 ../Compiler/SGL_302j/lib_coff/libcpk.a(cpk_er15.o)
                0x0600acb0                cpk_DecInter15
 *fill*         0x0600ae02        0xe 00
 .text          0x0600ae10     0x10b4 ../Compiler/SGL_302j/lib_coff/LIBSND.a(snd_main.o)
                0x0600af88                SND_MoveData
                0x0600b350                SND_OffAllSound
                0x0600bb70                SND_GetSeqPlayPos
                0x0600b428                SND_StopSeq
                0x0600ae10                SND_Init
                0x0600b4e8                SND_ContSeq
                0x0600b1d8                SND_ChgMixPrm
                0x0600b768                SND_StartPcm
                0x0600b0ac                SND_SetTlVl
                0x0600b9a8                SND_StartVlAnl
                0x0600be70                SND_Set3D_Init
                0x0600b548                SND_SetSeqVl
                0x0600b16c                SND_ChgMix
                0x0600bdf8                SND_Set3D_Stat
                0x0600bacc                SND_SetCdDaPan
                0x0600bd8c                SND_SetQSound
                0x0600b488                SND_PauseSeq
                0x0600bbb4                SND_GetAnlTlVl
                0x0600b8d8                SND_ChgPcm
                0x0600b10c                SND_ChgEfct
                0x0600b63c                SND_CtrlDirMidi
                0x0600b878                SND_StopPcm
                0x0600b260                SND_ChkHard
                0x0600b6f4                SND_SetSeqPan
                0x0600ba50                SND_SetCdDaLev
                0x0600bb8c                SND_GetPcmPlayAdr
                0x0600b3a4                SND_StartSeq
                0x0600b9fc                SND_StopVlAnl
                0x0600b5c0                SND_ChgTempo
                0x0600b2fc                SND_StopDsp
                0x0600bbd0                SND_GetAnlHzVl
                0x0600afd4                SND_ChgMap
                0x0600bb48                SND_GetSeqStat
 *fill*         0x0600bec4        0xc 00
 .text          0x0600bed0     0x1adc ../Compiler/SGL_302j/lib_coff/LIBCD.A(GFS.O)
                0x0600bed0                gfs_version
                0x0600d140                gfs_mngGetNumFile
                0x0600d89c                gfs_closeSub
                0x0600cc5c                GFS_SetGmode
                0x0600cf18                GFS_SetErrFunc
                0x0600d068                gfs_mngSetupFuncTbl
                0x0600c228                GFS_Reset
                0x0600cf90                gfs_chgRoot
                0x0600d05c                gfs_aborttrans
                0x0600d340                gfs_svrAddHndl
                0x0600d1f0                gfs_mngFreeGrp
                0x0600cf68                GFS_ConvTno
                0x0600d4f4                gfs_getRootDir
                0x0600cf44                GFS_GetErrStat
                0x0600c398                GFS_Seek
                0x0600ca08                GFS_NwStop
                0x0600d1fc                gfs_mngTermAccess
                0x0600c2ac                GFS_Open
                0x0600d1a8                GFS_mngAllocGrp
                0x0600d8e4                gfs_isTaskDone
                0x0600c708                GFS_Fread
                0x0600ce60                GFS_StartTrans
                0x0600d85c                gfs_GetFinfo
                0x0600d09c                gfs_mngInitWork
                0x0600c4f0                GFS_ByteToSct
                0x0600d300                gfs_svrSearchHndl
                0x0600d5f0                gfs_loadRootDir
                0x0600c14c                GFS_IdToName
                0x0600c84c                GFS_NwFread
                0x0600cd90                GFS_SetTransPara
                0x0600c958                GFS_NwCdRead
                0x0600d430                gfs_loadVol
                0x0600cd2c                GFS_SetReadPara
                0x0600c44c                GFS_Tell
                0x0600ccc0                GFS_SetTmode
                0x0600d7c4                GFS_GetFad
                0x0600cdfc                GFS_SetTrFunc
                0x0600ceac                GFS_CdMovePickup
                0x0600c0e8                GFS_NameToId
                0x0600cb20                GFS_NwExecOne
                0x0600d678                gfs_flowIn
                0x0600c5a8                GFS_GetFileInfo
                0x0600d720                gfs_transData
                0x0600d37c                gfs_svrRemoveHndl
                0x0600c9d0                GFS_NwIsComplete
                0x0600d8d8                gfs_getGmode
                0x0600ca74                GFS_NwGetStat
                0x0600d3d8                GFS_OpenSub
                0x0600c080                GFS_SetDir
                0x0600c54c                GFS_GetFileSize
                0x0600c61c                GFS_GetNumCdbuf
                0x0600d938                gfs_convFinStat
                0x0600c644                GFS_Load
                0x0600c7a4                gfs_waitRead
                0x0600bfd8                GFS_LoadDir
                0x0600c1b8                GFS_GetDirInfo
                0x0600c360                GFS_Close
                0x0600bef0                GFS_Init
                0x0600caf0                gfs_recovRdErr
                0x0600d280                gfs_mngSetErrCode
                0x0600cbe0                GFS_NwExecServer
                0x0600c49c                GFS_IsEof
                0x0600d81c                gfs_SetSct
 *fill*         0x0600d9ac        0x4 00
 .text          0x0600d9b0      0x130 ../Compiler/SGL_302j/lib_coff/LIBCD.A(CDC_DRV.O)
                0x0600d9b0                CDC_CdPlay
                0x0600da7c                CDC_CdSeek
                0x0600dab0                CDC_CdScan
 .text          0x0600dae0      0x3a0 ../Compiler/SGL_302j/lib_coff/LIBCD.A(CDC_CMN.O)
                0x0600dc84                CDC_TgetToc
                0x0600de28                CDC_DataEnd
                0x0600db48                CDC_GetPeriStat
                0x0600ddbc                CDC_DataReady
                0x0600dd94                CDC_CdOpen
                0x0600dd10                CDC_CdInit
                0x0600dcd4                CDC_GetSes
                0x0600db30                CDC_GetLastStat
                0x0600dae0                CDC_GetCurStat
                0x0600dc1c                CDC_GetHwInfo
 .text          0x0600de80      0x8d8 ../Compiler/SGL_302j/lib_coff/LIBCD.A(GFS_CDF.O)
                0x0600e374                GFCF_Seek
                0x0600e47c                GFCF_GetStat
                0x0600e35c                GFCF_Tell
                0x0600df20                GFCF_Setup
                0x0600e428                GFCF_cnvIntlvOfs
                0x0600de80                GFCF_Init
                0x0600e314                GFCF_Recover
                0x0600e068                GFCF_SetSct
                0x0600e38c                GFCF_MovePickup
                0x0600e550                gfcf_isCdOk
                0x0600e120                GFCF_FlowInBuf
                0x0600e0ac                GFCF_GetFileInfo
                0x0600e274                GFCF_StopInBuf
                0x0600e514                gfcf_getSctSize
                0x0600e610                gfcf_getPlayRange
 *fill*         0x0600e758        0x8 00
 .text          0x0600e760      0x92c ../Compiler/SGL_302j/lib_coff/LIBCD.A(GFS_DIR.O)
                0x0600ec50                gfdr_setNextRec
                0x0600f050                gfdr_setDirrecCd
                0x0600ea48                gfdr_open
                0x0600e85c                GFDR_GetAtrDirId
                0x0600eb30                gfdr_readByte
                0x0600e760                GFDR_SetupDirTbl
                0x0600ec28                gfdr_readLongNM
                0x0600ecd4                gfdr_readDirEnt
                0x0600e88c                GFDR_ChgRoot
                0x0600e7d4                GFDR_NameToId
                0x0600e918                gfdr_setupDirIdTbl
                0x0600e874                GFDR_GetAtrDirName
                0x0600e834                GFDR_GetInfoDirId
                0x0600ebdc                gfdr_readLongNB
                0x0600ea70                gfdr_read
                0x0600eb5c                gfdr_readWord
                0x0600e99c                gfdr_setupDirNameTbl
                0x0600e848                GFDR_GetInfoDirName
                0x0600e8a4                GFDR_ChgDir
                0x0600eb88                gfdr_readWordNB
 *fill*         0x0600f08c        0x4 00
 .text          0x0600f090      0x9c6 ../Compiler/SGL_302j/lib_coff/LIBCD.A(GFS_TRN.O)
                0x0600f170                GFTR_SetTransMax
                0x0600f540                gftr_execScu
                0x0600fa44                GFTR_SetTransFunc
                0x0600f90c                gftr_remTrn
                0x0600fa30                GFTR_SetData
                0x0600f730                gftr_execSdma1
                0x0600f980                gftr_copyFrac
                0x0600f164                GFTR_GetNumTrans
                0x0600f104                GFTR_SetMode
                0x0600f700                gftr_remDma0
                0x0600f9a8                GFTR_GetLenData
                0x0600f534                gftr_reqScu
                0x0600f718                gftr_reqDma1
                0x0600f450                gftr_getSrcPack
                0x0600fa00                GFTR_RtnDstPk
                0x0600f61c                gfdma_exec
                0x0600f834                gftr_execTrn
                0x0600f348                GFTR_ExecSvr
                0x0600f7c4                gftr_reqTrn
                0x0600f68c                gfdma_getBytecnt
                0x0600f76c                gftr_reqCpu
                0x0600f9cc                GFTR_GetDstPack
                0x0600f6c4                gftr_reqDma0
                0x0600f2d0                GFTR_Idle
                0x0600f188                GFTR_Pause
                0x0600f158                GFTR_GetTransPara
                0x0600f7b8                gftr_remCpu
                0x0600f124                GFTR_SetTransPara
                0x0600f754                gftr_remDma1
                0x0600f194                GFTR_Stop
                0x0600f6dc                gftr_execSdma0
                0x0600f0c0                GFTR_Setup
                0x0600f5dc                gftr_remScu
                0x0600f4d8                gftr_getDstPack
                0x0600f610                gfdma_canUse
                0x0600f24c                GFTR_Exec
                0x0600fa1c                GFTR_GetData
                0x0600f17c                GFTR_Start
                0x0600f118                GFTR_SetUnit
                0x0600f778                gftr_execCpu
                0x0600f9b4                GFTR_GetLenRoom
 *fill*         0x0600fa56        0xa 00
 .text          0x0600fa60      0x106 ../Compiler/SGL_302j/lib_coff/LIBCD.A(GFS_BUF.O)
                0x0600fab8                GFBF_GetNumData
                0x0600fb34                GFBF_RtnPk
                0x0600fae8                GFBF_GetSrcPk
                0x0600fb5c                gfbf_getSctDt
                0x0600fa90                GFBF_GetTranData
                0x0600fb10                GFBF_GetSctData
 *fill*         0x0600fb66        0xa 00
 .text          0x0600fb70      0x600 ../Compiler/SGL_302j/lib_coff/LIBCD.A(GFS_CDB.O)
                0x06010118                GFCB_GetPickup
                0x0600fc90                GFCB_Close
                0x0600ff5c                GFCB_GetSrcPack
                0x060100e4                GFCB_SetCon
                0x0600fd64                GFCB_GetLenRoom
                0x060100c8                GFCB_MovePickup
                0x0601003c                GFCB_GetSctData
                0x0600fd70                GFCB_SetFilt
                0x0600fcb8                GFCB_GetLenData
                0x06010158                GFCB_UngetPickup
                0x0600fb70                GFCB_Setup
                0x0600fe00                GFCB_Tell
                0x06010140                GFCB_IsPuOwner
                0x0600fe60                GFCB_Seek
                0x0600fdd8                GFCB_DeleteAllData
                0x06010074                GFCB_GetDstPack
                0x0600fe10                gfcb_getSctNum
                0x06010080                GFCB_RtnPk
 .text          0x06010170     0x1a10 ../Compiler/SGL_302j/lib_coff/LIBCD.A(GFS_CDC.O)
                0x0601040c                GFCD_AllocBuf
                0x060111f4                gfcd_doGetLenDataTsk
                0x06011a90                GFCD_SetCsctFunc
                0x060104e4                GFCD_GetBaseFad
                0x06010660                GFCD_GetFilt
                0x06011680                gfcd_doChgDirTsk
                0x060119c0                gfcd_checkEflag
                0x060109a8                GFCD_MovePickup
                0x06010a8c                GFCD_GetSctInfo
                0x06011348                gfcd_doReqDataTsk
                0x06010ad4                GFCD_ChgDir
                0x060107c8                GFCD_ReqData
                0x06011aac                GFCD_ChkScdqFlag
                0x06010f64                GFCD_WaitServer
                0x0601086c                GFCD_DelSctData
                0x06010d44                GFCD_ExecServer
                0x06011164                gfcd_doSetConTsk
                0x060103a0                GFCD_AllocFilt
                0x0601059c                GFCD_SetFilt
                0x06010fa0                gfcd_doSetFiltTsk
                0x06011ad0                GFCD_ClrScdqFlag
                0x060113e8                gfcd_doDelSctDataTsk
                0x06010ea4                gfcd_doTask
                0x06010518                GFCD_GetPickup
                0x06010a68                GFCD_CheckMove
                0x06011aec                GFCD_WaitScdqFlag
                0x06010700                GFCD_Play
                0x0601151c                gfcd_doMoveSctTsk
                0x060106a8                GFCD_SetCon
                0x06010b48                GFCD_SetFiltCon
                0x06011b30                GFCD_WaitPause
                0x06010d0c                GFCD_GetBufSiz
                0x0601054c                GFCD_UngetPickup
                0x06010c30                GFCD_GetFileInfo
                0x06010824                GFCD_EndData
                0x06010440                GFCD_FreeBuf
                0x06010760                GFCD_GetLenData
                0x060103dc                GFCD_FreeFilt
                0x06010e18                gfcd_isIdleTask
                0x0601019c                GFCD_Init
                0x0601187c                gfcd_doSetFiltConTsk
                0x060108f4                GFCD_GetStat
                0x060109f4                GFCD_MoveSctData
                0x06010578                GFCD_IsPuOwner
                0x060119e4                gfcd_initCdbMng
                0x06010170                GFCD_SetCdbfs
                0x06010f50                GFCD_SetTimer
                0x06011a64                gfcd_setStat
                0x060108c4                GFCD_CheckDelSctData
 .text          0x06011b80      0x152 ../Compiler/SGL_302j/lib_coff/LIBCD.A(CDC_SUB.O)
                0x06011c28                CDSUB_GetCdstat
                0x06011b98                CDSUB_UpdCdstat
                0x06011c68                CDSUB_RspToCdstat
                0x06011cb0                CDSUB_SoftTimer
                0x06011b80                CDSUB_UpdStatus
                0x06011bb8                CDSUB_CdCmd
 *fill*         0x06011cd2        0xe 00
 .text          0x06011ce0      0x2dc ../Compiler/SGL_302j/lib_coff/LIBCD.A(CDC_REG.O)
                0x06011d34                CDREG_ClrHirqReq
                0x06011d04                CDC_ClrHirqReq
                0x06011db4                CDREG_TgetData
                0x06011da4                CDC_GetMpegPtr
                0x06011d80                CDC_GetHirqMsk
                0x06011ce0                CDC_GetDataPtr
                0x06011cf0                CDC_GetHirqReq
                0x06011f10                CDREG_WaitHirq
                0x06011d94                CDC_SetHirqMsk
                0x06011e10                CDREG_CmdRsp
                0x06011d44                CDREG_InitHirqReq
                0x06011d6c                CDREG_SetHirqFlag
                0x06011f80                CDREG_ReadRsp
 *fill*         0x06011fbc        0x4 00
 .text          0x06011fc0      0x194 ../Compiler/SGL_302j/lib_coff/LIBCD.A(CDC_CFS.O)
                0x06011fc0                CDC_ChgDir
                0x06011ff4                CDC_ReadDir
                0x06012118                CDC_AbortFile
                0x06012028                CDC_GetFileScope
                0x06012088                CDC_TgetFileInfo
                0x060120e4                CDC_ReadFile
 *fill*         0x06012154        0xc 00
 .text          0x06012160      0x1e4 ../Compiler/SGL_302j/lib_coff/LIBCD.A(CDC_BIO.O)
                0x0601220c                CDC_GetdelSctData
                0x06012194                CDC_GetSctData
                0x06012248                CDC_PutSctData
                0x060122c4                CDC_MoveSctData
                0x06012308                CDC_GetCopyErr
                0x060121d0                CDC_DelSctData
                0x06012160                CDC_SetSctLen
                0x06012280                CDC_CopySctData
 *fill*         0x06012344        0xc 00
 .text          0x06012350      0x2b8 ../Compiler/SGL_302j/lib_coff/LIBCD.A(CDC_SEL.O)
                0x06012580                CDC_GetFiltCon
                0x060124fc                CDC_GetFiltMode
                0x060125d4                CDC_ResetSelector
                0x06012350                CDC_SetFiltRange
                0x060123dc                CDC_SetFiltSubh
                0x0601244c                CDC_GetFiltSubh
                0x06012384                CDC_GetFiltRange
                0x060124c8                CDC_SetFiltMode
                0x06012540                CDC_SetFiltCon
 *fill*         0x06012608        0x8 00
 .text          0x06012610      0x270 ../Compiler/SGL_302j/lib_coff/LIBCD.A(CDC_BIF.O)
                0x0601266c                CDC_GetSctNum
                0x060127ec                CDC_ExeFadSearch
                0x0601276c                CDC_GetSctInfo
                0x060126b0                CDC_CalActSiz
                0x06012610                CDC_GetBufSiz
                0x060126ec                CDC_GetActSiz
                0x06012824                CDC_GetFadSearch
 .text          0x06012880       0xa8 ../Compiler/SGL_302j/lib_coff/LIBCD.A(CDC_DEV.O)
                0x060128ec                CDC_CdGetLastBuf
                0x06012880                CDC_CdSetCon
                0x060128b0                CDC_CdGetCon
 *fill*         0x06012928        0x8 00
 .text          0x06012930      0x128 ../Compiler/SGL_302j/lib_coff/LIBSGL.A(sglIc0.o)
                0x06012930                slInitSystem
 *fill*         0x06012a58        0x8 00
 .text          0x06012a60      0x238 ../Compiler/SGL_302j/lib_coff/SEGA_SYS.A(sys_exit.o)
                0x06012a80                SYS_Exit
                0x06012a60                sys_version
 *fill*         0x06012c98        0x8 00
 .text          0x06012ca0        0x6 ../Compiler/SGL_302j/lib_coff/SEGA_SYS.A(sys_sub.o)
                0x06012ca0                SYSUB_SetStackptr
 *fill*         0x06012ca6        0xa 00
 .text          0x06012cb0       0xa0 d:/sega saturn jo engine/compiler/sh_coff/sh-coff/bin/../lib/gcc/sh-coff/4.0-GNUSH_v0601\libgcc.a(__main.o)
                0x06012d24                __main
                0x06012cb0                __do_global_dtors
                0x06012ce4                __do_global_ctors
 .text          0x06012d50       0x70 d:/sega saturn jo engine/compiler/sh_coff/sh-coff/bin/../lib/gcc/sh-coff/4.0-GNUSH_v0601\libgcc.a(_lt_sf.o)
                0x06012d50                __ltsf2
 .text          0x06012dc0       0x70 d:/sega saturn jo engine/compiler/sh_coff/sh-coff/bin/../lib/gcc/sh-coff/4.0-GNUSH_v0601\libgcc.a(_gt_sf.o)
                0x06012dc0                __gtsf2
 .text          0x06012e30      0x250 d:/sega saturn jo engine/compiler/sh_coff/sh-coff/bin/../lib/gcc/sh-coff/4.0-GNUSH_v0601\libgcc.a(_addsub_sf.o)
                0x06012fc4                __subsf3
                0x06013024                __addsf3
 .text          0x06013080       0x90 d:/sega saturn jo engine/compiler/sh_coff/sh-coff/bin/../lib/gcc/sh-coff/4.0-GNUSH_v0601\libgcc.a(_si_to_sf.o)
                0x06013080                __floatsisf
 .text          0x06013110       0xa0 d:/sega saturn jo engine/compiler/sh_coff/sh-coff/bin/../lib/gcc/sh-coff/4.0-GNUSH_v0601\libgcc.a(_sf_to_si.o)
                0x06013110                __fixsfsi
 .text          0x060131b0      0x170 d:/sega saturn jo engine/compiler/sh_coff/sh-coff/bin/../lib/gcc/sh-coff/4.0-GNUSH_v0601\libgcc.a(_mul_sf.o)
                0x060131b0                __mulsf3
 .text          0x06013320       0x70 d:/sega saturn jo engine/compiler/sh_coff/sh-coff/bin/../lib/gcc/sh-coff/4.0-GNUSH_v0601\libgcc.a(_le_sf.o)
                0x06013320                __lesf2
 .text          0x06013390       0x70 d:/sega saturn jo engine/compiler/sh_coff/sh-coff/bin/../lib/gcc/sh-coff/4.0-GNUSH_v0601\libgcc.a(_ge_sf.o)
                0x06013390                __gesf2
 .text          0x06013400       0xa0 d:/sega saturn jo engine/compiler/sh_coff/sh-coff/bin/../lib/gcc/sh-coff/4.0-GNUSH_v0601\libgcc.a(_sdivsi3.o)
                0x06013400                __sdivsi3
 .text          0x060134a0      0x120 d:/sega saturn jo engine/compiler/sh_coff/sh-coff/bin/../lib/gcc/sh-coff/4.0-GNUSH_v0601\libgcc.a(_div_sf.o)
                0x060134a0                __divsf3
 .text          0x060135c0      0x100 d:/sega saturn jo engine/compiler/sh_coff/sh-coff/bin/../lib/gcc/sh-coff/4.0-GNUSH_v0601\libgcc.a(_sf_to_df.o)
                0x060135c0                __extendsfdf2
 .text          0x060136c0      0x350 d:/sega saturn jo engine/compiler/sh_coff/sh-coff/bin/../lib/gcc/sh-coff/4.0-GNUSH_v0601\libgcc.a(_addsub_df.o)
                0x0601394c                __subdf3
                0x060139b0                __adddf3
 .text          0x06013a10       0x70 d:/sega saturn jo engine/compiler/sh_coff/sh-coff/bin/../lib/gcc/sh-coff/4.0-GNUSH_v0601\libgcc.a(_df_to_sf.o)
                0x06013a10                __truncdfsf2
 .text          0x06013a80       0x60 d:/sega saturn jo engine/compiler/sh_coff/sh-coff/bin/../lib/gcc/sh-coff/4.0-GNUSH_v0601\libgcc.a(_ashiftrt.o)
                0x06013a8c                __ashiftrt_r4_27
                0x06013ac0                __ashiftrt_r4_6
                0x06013ab0                __ashiftrt_r4_14
                0x06013aa2                __ashiftrt_r4_19
                0x06013aba                __ashiftrt_r4_9
                0x06013ace                __ashiftrt_r4_0
                0x06013a80                __ashiftrt_r4_31
                0x06013a8e                __ashiftrt_r4_26
                0x06013a9c                __ashiftrt_r4_22
                0x06013aa8                __ashiftrt_r4_16
                0x06013ab4                __ashiftrt_r4_12
                0x06013a88                __ashiftrt_r4_29
                0x06013aa6                __ashiftrt_r4_17
                0x06013a86                __ashiftrt_r4_30
                0x06013ac2                __ashiftrt_r4_5
                0x06013abc                __ashiftrt_r4_8
                0x06013a80                __ashiftrt_r4_32
                0x06013a90                __ashiftrt_r4_25
                0x06013ac8                __ashiftrt_r4_2
                0x06013a92                __ashiftrt_r4_24
                0x06013aae                __ashiftrt_r4_15
                0x06013ab8                __ashiftrt_r4_10
                0x06013aca                __ashiftrt_r4_1
                0x06013a8a                __ashiftrt_r4_28
                0x06013aa0                __ashiftrt_r4_20
                0x06013abe                __ashiftrt_r4_7
                0x06013ab2                __ashiftrt_r4_13
                0x06013ab6                __ashiftrt_r4_11
                0x06013ac4                __ashiftrt_r4_4
                0x06013a9a                __ashiftrt_r4_23
                0x06013aa4                __ashiftrt_r4_18
                0x06013a9e                __ashiftrt_r4_21
                0x06013ac6                __ashiftrt_r4_3
 .text          0x06013ae0       0x90 d:/sega saturn jo engine/compiler/sh_coff/sh-coff/bin/../lib/gcc/sh-coff/4.0-GNUSH_v0601\libgcc.a(_lshiftrt.o)
                0x06013ae0                __lshrsi3
 .text          0x06013b70       0x90 d:/sega saturn jo engine/compiler/sh_coff/sh-coff/bin/../lib/gcc/sh-coff/4.0-GNUSH_v0601\libgcc.a(_ashiftrt_n.o)
                0x06013b70                __ashrsi3
 .text          0x06013c00       0xb0 d:/sega saturn jo engine/compiler/sh_coff/sh-coff/bin/../lib/gcc/sh-coff/4.0-GNUSH_v0601\libgcc.a(_si_to_df.o)
                0x06013c00                __floatsidf
 .text          0x06013cb0      0x3b0 d:/sega saturn jo engine/compiler/sh_coff/sh-coff/bin/../lib/gcc/sh-coff/4.0-GNUSH_v0601\libgcc.a(_mul_df.o)
                0x06013cc0                __muldf3
 .text          0x06014060      0x1b0 d:/sega saturn jo engine/compiler/sh_coff/sh-coff/bin/../lib/gcc/sh-coff/4.0-GNUSH_v0601\libgcc.a(_div_df.o)
                0x06014068                __divdf3
 .text          0x06014210      0x100 d:/sega saturn jo engine/compiler/sh_coff/sh-coff/bin/../lib/gcc/sh-coff/4.0-GNUSH_v0601\libgcc.a(_df_to_si.o)
                0x06014210                __fixdfsi
 .text          0x06014310       0x90 d:/sega saturn jo engine/compiler/sh_coff/sh-coff/bin/../lib/gcc/sh-coff/4.0-GNUSH_v0601\libgcc.a(_ashiftlt.o)
                0x06014310                __ashlsi3
 .text          0x060143a0       0x70 d:/sega saturn jo engine/compiler/sh_coff/sh-coff/bin/../lib/gcc/sh-coff/4.0-GNUSH_v0601\libgcc.a(_udivsi3.o)
                0x060143c2                __udivsi3
 .text          0x06014410       0xc0 d:/sega saturn jo engine/compiler/sh_coff/sh-coff/bin/../lib/gcc/sh-coff/4.0-GNUSH_v0601\libgcc.a(_unpack_sf.o)
                0x06014410                __unpack_f
 .text          0x060144d0       0xa0 d:/sega saturn jo engine/compiler/sh_coff/sh-coff/bin/../lib/gcc/sh-coff/4.0-GNUSH_v0601\libgcc.a(_fpcmp_parts_sf.o)
                0x060144d0                __fpcmp_parts_f
 .text          0x06014570       0x10 d:/sega saturn jo engine/compiler/sh_coff/sh-coff/bin/../lib/gcc/sh-coff/4.0-GNUSH_v0601\libgcc.a(_thenan_sf.o)
                0x06014570                __thenan_sf
 .text          0x06014580      0x1c0 d:/sega saturn jo engine/compiler/sh_coff/sh-coff/bin/../lib/gcc/sh-coff/4.0-GNUSH_v0601\libgcc.a(_pack_sf.o)
                0x06014580                __pack_f
 .text          0x06014740       0xd0 d:/sega saturn jo engine/compiler/sh_coff/sh-coff/bin/../lib/gcc/sh-coff/4.0-GNUSH_v0601\libgcc.a(_muldi3.o)
                0x06014740                __muldi3
 .text          0x06014810       0x30 d:/sega saturn jo engine/compiler/sh_coff/sh-coff/bin/../lib/gcc/sh-coff/4.0-GNUSH_v0601\libgcc.a(_make_df.o)
                0x06014810                __make_dp
 .text          0x06014840       0x20 d:/sega saturn jo engine/compiler/sh_coff/sh-coff/bin/../lib/gcc/sh-coff/4.0-GNUSH_v0601\libgcc.a(_thenan_df.o)
                0x06014840                __thenan_df
 .text          0x06014860      0x180 d:/sega saturn jo engine/compiler/sh_coff/sh-coff/bin/../lib/gcc/sh-coff/4.0-GNUSH_v0601\libgcc.a(_unpack_df.o)
                0x06014870                __unpack_d
 .text          0x060149e0      0x5f0 d:/sega saturn jo engine/compiler/sh_coff/sh-coff/bin/../lib/gcc/sh-coff/4.0-GNUSH_v0601\libgcc.a(_pack_df.o)
                0x060149f0                __pack_d
 .text          0x06014fd0       0x30 d:/sega saturn jo engine/compiler/sh_coff/sh-coff/bin/../lib/gcc/sh-coff/4.0-GNUSH_v0601\libgcc.a(_make_sf.o)
                0x06014fd0                __make_fp
 .text          0x06015000       0x30 d:/sega saturn jo engine/compiler/sh_coff/sh-coff/bin/../lib/gcc/sh-coff/4.0-GNUSH_v0601\libgcc.a(_mulsi3.o)
                0x06015000                __mulsi3
 .text          0x06015030       0xb0 d:/sega saturn jo engine/compiler/sh_coff/sh-coff/bin/../lib/gcc/sh-coff/4.0-GNUSH_v0601/../../../../sh-coff/lib\libc.a(sprintf.o)
                0x06015080                sprintf
                0x06015030                _sprintf_r
 .text          0x060150e0       0xa0 d:/sega saturn jo engine/compiler/sh_coff/sh-coff/bin/../lib/gcc/sh-coff/4.0-GNUSH_v0601/../../../../sh-coff/lib\libc.a(memcpy.o)
                0x060150e0                memcpy
 .text          0x06015180       0xd0 d:/sega saturn jo engine/compiler/sh_coff/sh-coff/bin/../lib/gcc/sh-coff/4.0-GNUSH_v0601/../../../../sh-coff/lib\libc.a(strncpy.o)
                0x06015180                strncpy
 .text          0x06015250       0x40 d:/sega saturn jo engine/compiler/sh_coff/sh-coff/bin/../lib/gcc/sh-coff/4.0-GNUSH_v0601/../../../../sh-coff/lib\libc.a(memset.o)
                0x06015250                memset
 .text          0x06015290       0x80 d:/sega saturn jo engine/compiler/sh_coff/sh-coff/bin/../lib/gcc/sh-coff/4.0-GNUSH_v0601/../../../../sh-coff/lib\libc.a(memcmp.o)
                0x06015290                memcmp
 .text          0x06015310      0x100 d:/sega saturn jo engine/compiler/sh_coff/sh-coff/bin/../lib/gcc/sh-coff/4.0-GNUSH_v0601/../../../../sh-coff/lib\libc.a(strncmp.o)
                0x06015310                strncmp
 .text          0x06015410       0x90 d:/sega saturn jo engine/compiler/sh_coff/sh-coff/bin/../lib/gcc/sh-coff/4.0-GNUSH_v0601/../../../../sh-coff/lib\libc.a(atexit.o)
                0x06015410                atexit
 .text          0x060154a0     0x1d20 d:/sega saturn jo engine/compiler/sh_coff/sh-coff/bin/../lib/gcc/sh-coff/4.0-GNUSH_v0601/../../../../sh-coff/lib\libc.a(vfprintf.o)
                0x06015558                _vfprintf_r
                0x06017198                vfprintf
 .text          0x060171c0       0x10 d:/sega saturn jo engine/compiler/sh_coff/sh-coff/bin/../lib/gcc/sh-coff/4.0-GNUSH_v0601/../../../../sh-coff/lib\libc.a(impure.o)
                0x060171c0                _global_impure_ptr
 .text          0x060171d0       0x40 d:/sega saturn jo engine/compiler/sh_coff/sh-coff/bin/../lib/gcc/sh-coff/4.0-GNUSH_v0601/../../../../sh-coff/lib\libc.a(malloc.o)
                0x060171ec                free
                0x060171d0                malloc
 .text          0x06017210      0x300 d:/sega saturn jo engine/compiler/sh_coff/sh-coff/bin/../lib/gcc/sh-coff/4.0-GNUSH_v0601/../../../../sh-coff/lib\libc.a(fvwrite.o)
                0x06017210                __sfvwrite
 .text          0x06017510      0x100 d:/sega saturn jo engine/compiler/sh_coff/sh-coff/bin/../lib/gcc/sh-coff/4.0-GNUSH_v0601/../../../../sh-coff/lib\libc.a(locale.o)
                0x060175d8                setlocale
                0x06017558                _setlocale_r
                0x060175b4                __locale_charset
                0x060175f8                localeconv
                0x060175c8                _localeconv_r
 .text          0x06017610      0x360 d:/sega saturn jo engine/compiler/sh_coff/sh-coff/bin/../lib/gcc/sh-coff/4.0-GNUSH_v0601/../../../../sh-coff/lib\libc.a(freer.o)
                0x06017610                _malloc_trim_r
                0x060176f8                _free_r
 .text          0x06017970       0x20 d:/sega saturn jo engine/compiler/sh_coff/sh-coff/bin/../lib/gcc/sh-coff/4.0-GNUSH_v0601/../../../../sh-coff/lib\libc.a(strlen.o)
                0x06017970                strlen
 .text          0x06017990      0x270 d:/sega saturn jo engine/compiler/sh_coff/sh-coff/bin/../lib/gcc/sh-coff/4.0-GNUSH_v0601/../../../../sh-coff/lib\libc.a(findfp.o)
                0x06017aa4                __sfp
                0x06017a2c                __sfp_lock_acquire
                0x06017bd4                __fp_unlock_all
                0x06017a98                __sfp_lock_release
                0x06017a38                __sinit
                0x06017b84                _cleanup
                0x06017bb4                __fp_lock_all
                0x06017b6c                _cleanup_r
                0x060179d4                __sfmoreglue
 .text          0x06017c00       0xd0 d:/sega saturn jo engine/compiler/sh_coff/sh-coff/bin/../lib/gcc/sh-coff/4.0-GNUSH_v0601/../../../../sh-coff/lib\libc.a(fflush.o)
                0x06017c00                fflush
 .text          0x06017cd0       0xf0 d:/sega saturn jo engine/compiler/sh_coff/sh-coff/bin/../lib/gcc/sh-coff/4.0-GNUSH_v0601/../../../../sh-coff/lib\libc.a(wsetup.o)
                0x06017cd0                __swsetup
 .text          0x06017dc0       0x70 d:/sega saturn jo engine/compiler/sh_coff/sh-coff/bin/../lib/gcc/sh-coff/4.0-GNUSH_v0601/../../../../sh-coff/lib\libc.a(wcrtomb.o)
                0x06017dc0                _wcrtomb_r
                0x06017e0c                wcrtomb
 .text          0x06017e30       0x40 d:/sega saturn jo engine/compiler/sh_coff/sh-coff/bin/../lib/gcc/sh-coff/4.0-GNUSH_v0601/../../../../sh-coff/lib\libc.a(s_isinf.o)
                0x06017e30                isinf
 .text          0x06017e70       0xd0 d:/sega saturn jo engine/compiler/sh_coff/sh-coff/bin/../lib/gcc/sh-coff/4.0-GNUSH_v0601/../../../../sh-coff/lib\libc.a(memchr.o)
                0x06017e70                memchr
 .text          0x06017f40      0x6a0 d:/sega saturn jo engine/compiler/sh_coff/sh-coff/bin/../lib/gcc/sh-coff/4.0-GNUSH_v0601/../../../../sh-coff/lib\libc.a(mallocr.o)
                0x06017f40                _malloc_r
 .text          0x060185e0      0x130 d:/sega saturn jo engine/compiler/sh_coff/sh-coff/bin/../lib/gcc/sh-coff/4.0-GNUSH_v0601/../../../../sh-coff/lib\libc.a(wcsrtombs.o)
                0x060185e0                _wcsrtombs_r
                0x060186d4                wcsrtombs
 .text          0x06018710       0x40 d:/sega saturn jo engine/compiler/sh_coff/sh-coff/bin/../lib/gcc/sh-coff/4.0-GNUSH_v0601/../../../../sh-coff/lib\libc.a(s_isnan.o)
                0x06018710                isnan
 .text          0x06018750     0x1310 d:/sega saturn jo engine/compiler/sh_coff/sh-coff/bin/../lib/gcc/sh-coff/4.0-GNUSH_v0601/../../../../sh-coff/lib\libc.a(dtoa.o)
                0x060188f4                _dtoa_r
 .text          0x06019a60       0xe0 d:/sega saturn jo engine/compiler/sh_coff/sh-coff/bin/../lib/gcc/sh-coff/4.0-GNUSH_v0601/../../../../sh-coff/lib\libc.a(memmove.o)
                0x06019a60                memmove
 .text          0x06019b40      0x450 d:/sega saturn jo engine/compiler/sh_coff/sh-coff/bin/../lib/gcc/sh-coff/4.0-GNUSH_v0601/../../../../sh-coff/lib\libc.a(reallocr.o)
                0x06019b40                _realloc_r
 .text          0x06019f90       0x30 d:/sega saturn jo engine/compiler/sh_coff/sh-coff/bin/../lib/gcc/sh-coff/4.0-GNUSH_v0601/../../../../sh-coff/lib\libc.a(strcmp.o)
                0x06019f90                strcmp
 .text          0x06019fc0       0x20 d:/sega saturn jo engine/compiler/sh_coff/sh-coff/bin/../lib/gcc/sh-coff/4.0-GNUSH_v0601/../../../../sh-coff/lib\libc.a(mlock.o)
                0x06019fc0                __malloc_lock
                0x06019fcc                __malloc_unlock
 .text          0x06019fe0       0x50 d:/sega saturn jo engine/compiler/sh_coff/sh-coff/bin/../lib/gcc/sh-coff/4.0-GNUSH_v0601/../../../../sh-coff/lib\libc.a(sbrkr.o)
                0x06019fe0                _sbrk_r
 .text          0x0601a030      0x170 d:/sega saturn jo engine/compiler/sh_coff/sh-coff/bin/../lib/gcc/sh-coff/4.0-GNUSH_v0601/../../../../sh-coff/lib\libc.a(stdio.o)
                0x0601a088                __swrite
                0x0601a178                __sclose
                0x0601a030                __sread
                0x0601a118                __sseek
 .text          0x0601a1a0      0x130 d:/sega saturn jo engine/compiler/sh_coff/sh-coff/bin/../lib/gcc/sh-coff/4.0-GNUSH_v0601/../../../../sh-coff/lib\libc.a(fclose.o)
                0x0601a1a0                _fclose_r
                0x0601a2ac                fclose
 .text          0x0601a2d0      0x200 d:/sega saturn jo engine/compiler/sh_coff/sh-coff/bin/../lib/gcc/sh-coff/4.0-GNUSH_v0601/../../../../sh-coff/lib\libc.a(fwalk.o)
                0x0601a444                _fwalk_reent
                0x0601a3c0                _fwalk
 .text          0x0601a4d0      0x150 d:/sega saturn jo engine/compiler/sh_coff/sh-coff/bin/../lib/gcc/sh-coff/4.0-GNUSH_v0601/../../../../sh-coff/lib\libc.a(makebuf.o)
                0x0601a4d0                __smakebuf
 .text          0x0601a620      0x2c0 d:/sega saturn jo engine/compiler/sh_coff/sh-coff/bin/../lib/gcc/sh-coff/4.0-GNUSH_v0601/../../../../sh-coff/lib\libc.a(wctomb_r.o)
                0x0601a640                _wctomb_r
 .text          0x0601a8e0      0xdc0 d:/sega saturn jo engine/compiler/sh_coff/sh-coff/bin/../lib/gcc/sh-coff/4.0-GNUSH_v0601/../../../../sh-coff/lib\libc.a(mprec.o)
                0x0601b120                __mcmp
                0x0601b5a4                _ratio
                0x0601ad7c                _i2b
                0x0601b31c                _b2d
                0x0601ab74                _s2b
                0x0601ac4c                _hi0bits
                0x0601af50                _pow5mult
                0x0601b164                __mdiff
                0x0601b028                _lshift
                0x0601ada0                _multiply
                0x0601b470                _d2b
                0x0601a9f8                _Balloc
                0x0601a8e0                __mprec_tinytens
                0x0601b638                _mprec_log10
                0x0601a908                __mprec_bigtens
                0x0601b284                _ulp
                0x0601aa88                _Bfree
                0x0601a930                __mprec_tens
                0x0601acb4                _lo0bits
                0x0601aaa8                _multadd
 .text          0x0601b6a0      0x390 d:/sega saturn jo engine/compiler/sh_coff/sh-coff/bin/../lib/gcc/sh-coff/4.0-GNUSH_v0601/../../../../sh-coff/lib\libc.a(syscalls.o)
                0x0601b810                _exit
                0x0601b844                _getpid
                0x0601b8ac                _utime
                0x0601b6d8                _write
                0x0601b6a0                _read
                0x0601b7f8                _unlink
                0x0601b7c0                _open
                0x0601b85c                _stat
                0x0601b804                isatty
                0x0601b8dc                _wait
                0x0601b828                _kill
                0x0601b878                _chmod
                0x0601b90c                _execv
                0x0601b8f0                _execve
                0x0601b9ec                __setup_argv_and_call_main
                0x0601b944                _gettimeofday
                0x0601b70c                _link
                0x0601b850                _raise
                0x0601b7dc                _creat
                0x0601b924                _pipe
                0x0601b890                _chown
                0x0601b6bc                _lseek
                0x0601b6f4                _close
                0x0601b938                _times
                0x0601b7ac                _fstat
                0x0601b8c8                _fork
                0x0601b734                _sbrk
 .text          0x0601ba30       0x50 d:/sega saturn jo engine/compiler/sh_coff/sh-coff/bin/../lib/gcc/sh-coff/4.0-GNUSH_v0601/../../../../sh-coff/lib\libc.a(readr.o)
                0x0601ba30                _read_r
 .text          0x0601ba80       0x50 d:/sega saturn jo engine/compiler/sh_coff/sh-coff/bin/../lib/gcc/sh-coff/4.0-GNUSH_v0601/../../../../sh-coff/lib\libc.a(writer.o)
                0x0601ba80                _write_r
 .text          0x0601bad0       0x50 d:/sega saturn jo engine/compiler/sh_coff/sh-coff/bin/../lib/gcc/sh-coff/4.0-GNUSH_v0601/../../../../sh-coff/lib\libc.a(lseekr.o)
                0x0601bad0                _lseek_r
 .text          0x0601bb20       0x50 d:/sega saturn jo engine/compiler/sh_coff/sh-coff/bin/../lib/gcc/sh-coff/4.0-GNUSH_v0601/../../../../sh-coff/lib\libc.a(closer.o)
                0x0601bb20                _close_r
 .text          0x0601bb70       0x50 d:/sega saturn jo engine/compiler/sh_coff/sh-coff/bin/../lib/gcc/sh-coff/4.0-GNUSH_v0601/../../../../sh-coff/lib\libc.a(fstatr.o)
                0x0601bb70                _fstat_r
 .text          0x0601bbc0       0xa0 d:/sega saturn jo engine/compiler/sh_coff/sh-coff/bin/../lib/gcc/sh-coff/4.0-GNUSH_v0601/../../../../sh-coff/lib\libc.a(callocr.o)
                0x0601bbc0                _calloc_r
 .text          0x0601bc60       0x20 d:/sega saturn jo engine/compiler/sh_coff/sh-coff/bin/../lib/gcc/sh-coff/4.0-GNUSH_v0601/../../../../sh-coff/lib\libc.a(trap.o)
                0x0601bc60                __trap34
 .text          0x0601bc80       0x20 d:/sega saturn jo engine/compiler/sh_coff/sh-coff/bin/../lib/gcc/sh-coff/4.0-GNUSH_v0601/../../../../sh-coff/lib\libc.a(abort.o)
                0x0601bc80                abort
 .text          0x0601bca0      0x260 d:/sega saturn jo engine/compiler/sh_coff/sh-coff/bin/../lib/gcc/sh-coff/4.0-GNUSH_v0601/../../../../sh-coff/lib\libc.a(signal.o)
                0x0601bd5c                _raise_r
                0x0601bee0                __sigtramp
                0x0601be8c                raise
                0x0601bec8                _init_signal
                0x0601be18                __sigtramp_r
                0x0601bea8                signal
                0x0601bcec                _signal_r
                0x0601bca0                _init_signal_r
 .text          0x0601bf00       0x60 d:/sega saturn jo engine/compiler/sh_coff/sh-coff/bin/../lib/gcc/sh-coff/4.0-GNUSH_v0601/../../../../sh-coff/lib\libc.a(signalr.o)
                0x0601bf48                _getpid_r
                0x0601bf00                _kill_r
 .text          0x0601bf60       0x70 d:/sega saturn jo engine/compiler/sh_coff/sh-coff/bin/../lib/gcc/sh-coff/4.0-GNUSH_v0601\libgcc.a(_eq_df.o)
                0x0601bf60                __eqdf2
 .text          0x0601bfd0       0x70 d:/sega saturn jo engine/compiler/sh_coff/sh-coff/bin/../lib/gcc/sh-coff/4.0-GNUSH_v0601\libgcc.a(_ne_df.o)
                0x0601bfd0                __nedf2
 .text          0x0601c040       0x70 d:/sega saturn jo engine/compiler/sh_coff/sh-coff/bin/../lib/gcc/sh-coff/4.0-GNUSH_v0601\libgcc.a(_lt_df.o)
                0x0601c040                __ltdf2
 .text          0x0601c0b0      0x610 d:/sega saturn jo engine/compiler/sh_coff/sh-coff/bin/../lib/gcc/sh-coff/4.0-GNUSH_v0601\libgcc.a(_udivdi3.o)
                0x0601c0b0                __udivdi3
 .text          0x0601c6c0      0x600 d:/sega saturn jo engine/compiler/sh_coff/sh-coff/bin/../lib/gcc/sh-coff/4.0-GNUSH_v0601\libgcc.a(_umoddi3.o)
                0x0601c6c0                __umoddi3
 .text          0x0601ccc0       0x70 d:/sega saturn jo engine/compiler/sh_coff/sh-coff/bin/../lib/gcc/sh-coff/4.0-GNUSH_v0601\libgcc.a(_gt_df.o)
                0x0601ccc0                __gtdf2
 .text          0x0601cd30       0x70 d:/sega saturn jo engine/compiler/sh_coff/sh-coff/bin/../lib/gcc/sh-coff/4.0-GNUSH_v0601\libgcc.a(_ge_df.o)
                0x0601cd30                __gedf2
 .text          0x0601cda0       0xb0 d:/sega saturn jo engine/compiler/sh_coff/sh-coff/bin/../lib/gcc/sh-coff/4.0-GNUSH_v0601\libgcc.a(_fpcmp_parts_df.o)
                0x0601cda0                __fpcmp_parts_d
 .text          0x0601ce50      0x100 d:/sega saturn jo engine/compiler/sh_coff/sh-coff/bin/../lib/gcc/sh-coff/4.0-GNUSH_v0601\libgcc.a(_clz.o)
                0x0601ce50                __clz_tab
 *(.strings)
                0x0601cf50                __etext = .

.rodata
 *(.rodata)

SLPROG          0x0601cf60    0x106e0
                0x0601cf60                __slprog_start = .
 *(SLPROG)
 SLPROG         0x0601cf60     0x6540 ../Compiler/SGL_302j/lib_coff/sglarea.o
                0x0601cf7c                SpriteBuf
                0x0601cfa0                RemainEvent
                0x0601cf6c                SortList
                0x0601cf6a                MaxPolygons
                0x0601cf88                CommandBuf
                0x0601cf9c                MaxWorks
                0x0601cf9e                WorkSize
                0x0601cf94                PCM_WkSize
                0x0601cf8c                CLOfstBuf
                0x0601d0a0                RemainWork
                0x0601cf90                PCM_Work
                0x0601cf60                MasterStack
                0x0601cf64                SlaveStack
                0x0601cf68                MaxVertices
                0x0601cf98                MaxEvents
                0x0601cf78                Zbuffer
                0x0601cf80                SpriteBufSize
                0x0601f4a0                WorkBuf
                0x0601cf74                TransList
                0x0601cf84                Pbuffer
                0x0601cf70                SortListSize
                0x0601cf9a                EventSize
                0x0601d4a0                EventBuf
 SLPROG         0x060234a0       0x4e ../Compiler/SGL_302j/lib_coff/LIBSGL.A(sglF00.o)
                0x060234ba                slLocate
                0x060234b0                slCurColor
                0x060234ec                CurrentScreen
                0x060234a0                slCurScrn
 *fill*         0x060234ee        0x2 00
 SLPROG         0x060234f0      0xfc8 ../Compiler/SGL_302j/lib_coff/LIBSGL.A(sglH00.o)
                0x0602358c                slSetPortData1
                0x0602357c                slGetPortData1
                0x06023d6a                slSetPortMode1
                0x06023fa4                Smpc_Status
                0x06023542                slSetPortDir2
                0x06023b88                slSmpcCashSend
                0x060235a8                slGetPortSelect1
                0x0602398e                slIntBackCancel
                0x06023640                slSetPortExt1
                0x06023d50                slGetPortMode1
                0x06023c44                slSmpcCashBlow
                0x06023f34                slRequestCommand
                0x06023fd4                SmpcStatusBuf
                0x06023596                slSetPortData2
                0x060238f6                slSetResultBuffer
                0x0602362c                slGetPortExt1
                0x06023670                slSetPortExt2
                0x06023510                slGetPortDir2
                0x06023636                slGetPortExt2
                0x060239c2                slClearReset
                0x060239b8                slCheckReset
                0x06023518                slSetPortDir1
                0x060235f0                slSetPortSelect2
                0x060235bc                slSetPortSelect1
                0x06023d5c                slGetPortMode2
                0x060235b2                slGetPortSelect2
                0x06023508                slGetPortDir1
                0x06023584                slGetPortData2
                0x06023d2a                slSetOptimize
                0x06023d20                slGetOptimize
                0x060237e4                slSmpcDirectAccess
                0x06023fb2                Per_Connect1
                0x06023864                slInitPeripheral
                0x06023982                slCheckIntBackSet
                0x06023fb3                Per_Connect2
                0x06023fac                Smpc_Peripheral
                0x06023da8                slSetPortMode2
                0x06023fa8                Smpc_Result
 *fill*         0x060244b8        0x8 00
 SLPROG         0x060244c0       0x10 ../Compiler/SGL_302j/lib_coff/LIBSGL.A(sglI04.o)
                0x060244c0                slIntFunction
 SLPROG         0x060244d0       0x18 ../Compiler/SGL_302j/lib_coff/LIBSGL.A(sglG01.o)
                0x060244d0                slSndVolume
 *fill*         0x060244e8        0x8 00
 SLPROG         0x060244f0      0x1d0 ../Compiler/SGL_302j/lib_coff/LIBSGL.A(sglG00.o)
                0x060244f0                slInitSound
                0x0602460c                slSndFlush
                0x060245f4                slWaitSound
 SLPROG         0x060246c0       0x4c ../Compiler/SGL_302j/lib_coff/LIBSGL.A(sglG19.o)
                0x060246c0                slCDDAOn
 *fill*         0x0602470c        0x4 00
 SLPROG         0x06024710       0x18 ../Compiler/SGL_302j/lib_coff/LIBSGL.A(sglG25.o)
                0x06024710                slPCMStat
 *fill*         0x06024728        0x8 00
 SLPROG         0x06024730      0x1e0 ../Compiler/SGL_302j/lib_coff/LIBSGL.A(sglG21.o)
                0x06024738                slPCMOn
                0x06024856                slSndPCMNum
 SLPROG         0x06024910       0x48 ../Compiler/SGL_302j/lib_coff/LIBSGL.A(sglG22.o)
                0x06024910                slPCMOff
 *fill*         0x06024958        0x8 00
 SLPROG         0x06024960       0x84 ../Compiler/SGL_302j/lib_coff/LIBSGL.A(sglD00.o)
                0x06024960                slDMACopy
                0x06024960                slCpuDMACopy
                0x060249ba                slCashPurge
                0x060249ba                CSH_AllClr
 *fill*         0x060249e4        0xc 00
 SLPROG         0x060249f0       0x18 ../Compiler/SGL_302j/lib_coff/LIBSGL.A(sglA15.o)
                0x060249f0                slSlaveFunc
 *fill*         0x06024a08        0x8 00
 SLPROG         0x06024a10      0x3a4 ../Compiler/SGL_302j/lib_coff/LIBSGL.A(sglI01.o)
                0x06024bfa                RetPCMBuf
                0x06024d34                Sound_Buf
                0x06024a10                slInitSynch
                0x06024b20                slRandom
                0x06024c94                PCM_Buf
                0x06024a2a                slSynch
                0x06024b3e                PCM_EndCheck
 *fill*         0x06024db4        0xc 00
 SLPROG         0x06024dc0       0x20 ../Compiler/SGL_302j/lib_coff/LIBSGL.A(sglB001.o)
                0x06024dc0                slTVOn
                0x06024dca                slTVOff
 SLPROG         0x06024de0        0xc ../Compiler/SGL_302j/lib_coff/LIBSGL.A(sglB063.o)
                0x06024de0                slPriority
 *fill*         0x06024dec        0x4 00
 SLPROG         0x06024df0        0xc ../Compiler/SGL_302j/lib_coff/LIBSGL.A(sglB016.o)
                0x06024df0                slBack1ColSet
 *fill*         0x06024dfc        0x4 00
 SLPROG         0x06024e00      0x114 ../Compiler/SGL_302j/lib_coff/LIBSGL.A(sglB200.o)
                0x06024e0c                slCharNbg0
                0x06024e52                slPageRbg0
                0x06024e68                slPageNbg1
                0x06024e18                slCharNbg1
                0x06024e84                slPageNbg0
                0x06024e70                slPageNbg2
                0x06024e78                slPageNbg3
                0x06024e24                slCharNbg2
                0x06024e3a                slCharNbg3
                0x06024e00                slCharRbg0
 *fill*         0x06024f14        0xc 00
 SLPROG         0x06024f20        0xc ../Compiler/SGL_302j/lib_coff/LIBSGL.A(sglB056.o)
                0x06024f20                slPlaneNbg1
 *fill*         0x06024f2c        0x4 00
 SLPROG         0x06024f30       0xb4 ../Compiler/SGL_302j/lib_coff/LIBSGL.A(sglB032.o)
                0x06024f30                slMapNbg1
 *fill*         0x06024fe4        0xc 00
 SLPROG         0x06024ff0       0x24 ../Compiler/SGL_302j/lib_coff/LIBSGL.A(sglB011.o)
                0x06024ff0                slBitMapNbg1
 *fill*         0x06025014        0xc 00
 SLPROG         0x06025020        0xc ../Compiler/SGL_302j/lib_coff/LIBSGL.A(sglB053.o)
                0x06025020                slZoomNbg1
 *fill*         0x0602502c        0x4 00
 SLPROG         0x06025030      0x40c ../Compiler/SGL_302j/lib_coff/LIBSGL.A(sglB015.o)
                0x06025030                slScrAutoDisp
 *fill*         0x0602543c        0x4 00
 SLPROG         0x06025440       0x1c ../Compiler/SGL_302j/lib_coff/LIBSGL.A(sglF05.o)
                0x06025440                slPrint
 *fill*         0x0602545c        0x4 00
 SLPROG         0x06025460       0xa8 ../Compiler/SGL_302j/lib_coff/LIBSGL.A(sglH01.o)
                0x060254c0                slSetSoundOutput
                0x06025498                slSetSoundEffect
                0x0602548c                slGetSoundEffect
                0x060254b4                slGetSoundOutput
                0x060254dc                slGetHelpWindow
                0x06025460                slGetLanguage
                0x0602546a                slSetLanguage
                0x060254e8                slSetHelpWindow
 *fill*         0x06025508        0x8 00
 SLPROG         0x06025510       0xfa ../Compiler/SGL_302j/lib_coff/LIBSGL.A(sglC06.o)
                0x06025510                slDispSprite
 *fill*         0x0602560a        0x6 00
 SLPROG         0x06025610       0x18 ../Compiler/SGL_302j/lib_coff/LIBSGL.A(sglD14.o)
                0x06025610                DMA_CpuResult
 *fill*         0x06025628        0x8 00
 SLPROG         0x06025630       0x14 ../Compiler/SGL_302j/lib_coff/LIBSGL.A(sglD12.o)
                0x06025630                DMA_CpuMemCopy4
 *fill*         0x06025644        0xc 00
 SLPROG         0x06025650       0x20 ../Compiler/SGL_302j/lib_coff/LIBSGL.A(sglD15.o)
                0x06025650                CSH_Purge
 SLPROG         0x06025670       0x84 ../Compiler/SGL_302j/lib_coff/LIBSGL.A(sglD16.o)
                0x060256b8                DMA_SCU_PRM0
                0x06025670                DMA_ScuSetPrm
 *fill*         0x060256f4        0xc 00
 SLPROG         0x06025700       0x88 ../Compiler/SGL_302j/lib_coff/LIBSGL.A(sglD17.o)
                0x06025700                DMA_ScuStart
 *fill*         0x06025788        0x8 00
 SLPROG         0x06025790       0x34 ../Compiler/SGL_302j/lib_coff/LIBSGL.A(sglD18.o)
                0x06025790                DMA_ScuGetStatus
 *fill*         0x060257c4        0xc 00
 SLPROG         0x060257d0       0xa0 ../Compiler/SGL_302j/lib_coff/LIBSGL.A(sglD01.o)
                0x060257d0                slDMAXCopy
 SLPROG         0x06025870        0xc ../Compiler/SGL_302j/lib_coff/LIBSGL.A(sglD03.o)
                0x06025870                slDMAStatus
 *fill*         0x0602587c        0x4 00
 SLPROG         0x06025880      0x470 ../Compiler/SGL_302j/lib_coff/LIBSGL.A(sglH02.o)
                0x06025c70                smpc_pfr_tbl
                0x06025cb0                smpc_ptf_tbl
 SLPROG         0x06025cf0       0x60 ../Compiler/SGL_302j/lib_coff/LIBSGL.A(sglH04.o)
                0x06025d1a                slComPrmSetTime
                0x06025cf0                slComPrmIntBack
                0x06025d04                slComPrmSetMemory
 SLPROG         0x06025d50       0x10 ../Compiler/SGL_302j/lib_coff/LIBSGL.A(sglD02.o)
                0x06025d50                slDMAWait
 SLPROG         0x06025d60       0x20 ../Compiler/SGL_302j/lib_coff/LIBSGL.A(sglA00.o)
                0x06025d74                get_imask
                0x06025d60                set_imask
                0x06025d60                _builtin_set_imask
                0x06025d74                _builtin_get_imask
 SLPROG         0x06025d80      0x42c ../Compiler/SGL_302j/lib_coff/LIBSGL.A(sglA20.o)
                0x06025d80                slInitMatrix
                0x06025d9e                slUnitMatrix
                0x06025d8a                slPushUnitMatrix
 *fill*         0x060261ac        0x4 00
 SLPROG         0x060261b0      0xbd0 ../Compiler/SGL_302j/lib_coff/LIBSGL.A(sglB000.o)
                0x060261b0                slInitScroll
                0x06026410                TVSizeTbl
                0x06026300                setASC_4to8
                0x06026490                TVModeTbl
                0x060262d0                setASC_1to8
                0x06026668                SGL_ASCII_CG
 SLPROG         0x06026d80      0x3d0 ../Compiler/SGL_302j/lib_coff/LIBSGL.A(sglJ01.o)
                0x06026d80                SlaveControl
                0x0602713c                ErasePolygonData
 SLPROG         0x06027150      0x75c ../Compiler/SGL_302j/lib_coff/LIBSGL.A(sglI00.o)
                0x06027440                slInitInterrupt
 *fill*         0x060278ac        0x4 00
 SLPROG         0x060278b0      0x134 ../Compiler/SGL_302j/lib_coff/LIBSGL.A(sglC00.o)
                0x060278b0                slInitSprite
 *fill*         0x060279e4        0xc 00
 SLPROG         0x060279f0       0xd4 ../Compiler/SGL_302j/lib_coff/LIBSGL.A(sglB035.o)
                0x060279f0                sl1MapRA
                0x06027a82                rbank_set
 *fill*         0x06027ac4        0xc 00
 SLPROG         0x06027ad0       0x40 ../Compiler/SGL_302j/lib_coff/LIBSGL.A(sglC20.o)
                0x06027ad0                SpriteEntry
 SLPROG         0x06027b10     0x411e ../Compiler/SGL_302j/lib_coff/LIBSGL.A(sglA01.o)
                0x06027bec                sin_cos_index_tbl
                0x06027b10                slSin
                0x06027c2c                sin_tbl
                0x06027b58                GetSinCos
                0x06027b34                slCos
 *fill*         0x0602bc2e        0x2 00
 SLPROG         0x0602bc30      0x140 ../Compiler/SGL_302j/lib_coff/LIBSGL.A(sglJ03.o)
                0x0602bc30                sbMakeDMATable
 SLPROG         0x0602bd70     0x12b8 ../Compiler/SGL_302j/lib_coff/LIBSGL.A(sglJ02.o)
                0x0602cfa4                stvtc_1
                0x0602ccdc                stvtc_4
                0x0602cc9c                SetPolygon
                0x0602cd94                stvtc_3
                0x0602cfcc                stvtc_0
                0x0602cca4                SetPosition
                0x0602bf58                sbCalcPolygon
                0x0602cc90                SetTexture
                0x0602bd70                sbMakePolygon
                0x0602cfb8                stvtc_2
 *fill*         0x0602d028        0x8 00
 SLPROG         0x0602d030      0x470 ../Compiler/SGL_302j/lib_coff/LIBSGL.A(sglJ04.o)
                0x0602d0f4                sbMakeRotSprite
                0x0602d08e                sbMakeSprite
 SLPROG         0x0602d4a0       0x3c ../Compiler/SGL_302j/lib_coff/LIBSGL.A(sglJ05.o)
                0x0602d4a0                sbSortEntry
 *fill*         0x0602d4dc        0x4 00
 SLPROG         0x0602d4e0       0xf0 ../Compiler/SGL_302j/lib_coff/LIBSGL.A(sglH03.o)
                0x0602d544                slSmpcIntBack
 SLPROG         0x0602d5d0       0x6a ../Compiler/SGL_302j/lib_coff/LIBSGL.A(sglM01.o)
                0x0602d5fc                slSetDepthTbl
                0x0602d62c                DepthWorkArea
                0x0602d5d0                slSetDepthLimit
                0x0602d63a                __slprog_end = .

.tors           0x0602d640        0x0
                0x0602d640                ___ctors = .
 *(.ctors)
                0x0602d640                ___ctors_end = .
                0x0602d640                ___dtors = .
 *(.dtors)
                0x0602d640                ___dtors_end = .

.data           0x0602d640      0x850
 *(.data)
 .data          0x0602d640       0x1c ../Compiler/SGL_302j/lib_coff/libcpk.a(slavesh.o)
                0x0602d650                SMPC_COM
                0x0602d640                SlaveCommand
                0x0602d658                SMPC_SF
                0x0602d654                SMPC_RET
                0x0602d648                SlaveParam
                0x0602d644                SlaveState
                0x0602d64c                SlaveSHEntry
 *fill*         0x0602d65c        0x4 00
 .data          0x0602d660       0x80 ../Compiler/SGL_302j/lib_coff/LIBSGL.A(sglIc0.o)
                0x0602d660                IntPrioMask
 .data          0x0602d6e0      0x380 d:/sega saturn jo engine/compiler/sh_coff/sh-coff/bin/../lib/gcc/sh-coff/4.0-GNUSH_v0601/../../../../sh-coff/lib\libc.a(impure.o)
                0x0602da5c                _impure_ptr
 .data          0x0602da60       0x20 d:/sega saturn jo engine/compiler/sh_coff/sh-coff/bin/../lib/gcc/sh-coff/4.0-GNUSH_v0601/../../../../sh-coff/lib\libc.a(locale.o)
                0x0602da6c                __mb_cur_max
                0x0602da60                __lc_ctype
 .data          0x0602da80      0x410 d:/sega saturn jo engine/compiler/sh_coff/sh-coff/bin/../lib/gcc/sh-coff/4.0-GNUSH_v0601/../../../../sh-coff/lib\libc.a(mallocr.o)
                0x0602da88                __malloc_av_
                0x0602da84                __malloc_trim_threshold
                0x0602da80                __malloc_sbrk_base
                0x0602de90                __edata = .

.bss            0x0602de90     0x28b4
                0x0602de90                __bstart = .
 *(.bss)
 .bss           0x0602de90       0x10 ../Compiler/SGL_302j/lib_coff/libcpk.a(cpk_mp.o)
 .bss           0x0602dea0        0x6 ../Compiler/SGL_302j/lib_coff/libcpk.a(cpk_time.o)
 *fill*         0x0602dea6        0xa 00
 .bss           0x0602deb0        0xc ../Compiler/SGL_302j/lib_coff/libcpk.a(cpk_vide.o)
 *fill*         0x0602debc        0x4 00
 .bss           0x0602dec0       0x28 ../Compiler/SGL_302j/lib_coff/LIBSND.a(snd_main.o)
 *fill*         0x0602dee8        0x8 00
 .bss           0x0602def0        0xc ../Compiler/SGL_302j/lib_coff/LIBCD.A(GFS_TRN.O)
 *fill*         0x0602defc        0x4 00
 .bss           0x0602df00        0xc ../Compiler/SGL_302j/lib_coff/LIBCD.A(CDC_SUB.O)
 *fill*         0x0602df0c        0x4 00
 .bss           0x0602df10        0x2 ../Compiler/SGL_302j/lib_coff/LIBCD.A(CDC_REG.O)
 *fill*         0x0602df12        0xe 00
 .bss           0x0602df20        0x4 ../Compiler/SGL_302j/lib_coff/SEGA_SYS.A(sys_exit.o)
 *fill*         0x0602df24        0xc 00
 .bss           0x0602df30       0x10 d:/sega saturn jo engine/compiler/sh_coff/sh-coff/bin/../lib/gcc/sh-coff/4.0-GNUSH_v0601\libgcc.a(__main.o)
 .bss           0x0602df40       0x10 d:/sega saturn jo engine/compiler/sh_coff/sh-coff/bin/../lib/gcc/sh-coff/4.0-GNUSH_v0601/../../../../sh-coff/lib\libc.a(atexit.o)
 .bss           0x0602df50       0x10 d:/sega saturn jo engine/compiler/sh_coff/sh-coff/bin/../lib/gcc/sh-coff/4.0-GNUSH_v0601/../../../../sh-coff/lib\libc.a(locale.o)
                0x0602df54                __mlocale_changed
                0x0602df50                _PathLocale
                0x0602df58                __nlocale_changed
 .bss           0x0602df60       0x40 d:/sega saturn jo engine/compiler/sh_coff/sh-coff/bin/../lib/gcc/sh-coff/4.0-GNUSH_v0601/../../../../sh-coff/lib\libc.a(mallocr.o)
                0x0602df90                __malloc_top_pad
                0x0602df60                __malloc_current_mallinfo
                0x0602df8c                __malloc_max_sbrked_mem
                0x0602df88                __malloc_max_total_mem
 .bss           0x0602dfa0       0x10 d:/sega saturn jo engine/compiler/sh_coff/sh-coff/bin/../lib/gcc/sh-coff/4.0-GNUSH_v0601/../../../../sh-coff/lib\libc.a(syscalls.o)
 *(COMMON)
 COMMON         0x0602dfb0       0x30 main.o
                0x0602dfb0                physics
 COMMON         0x0602dfe0       0x40 alex.o
                0x0602dfe0                player
 COMMON         0x0602e020      0x134 enemy.o
                0x0602e020                enemy_sprite_id
                0x0602e024                sprite_id
                0x0602e030                enemies
                0x0602e150                enemy_death_sprite_id
 *fill*         0x0602e154        0xc 00
 COMMON         0x0602e160        0x4 ../jo_engine/video.o
                0x0602e160                __jo_video_sprite_id
 *fill*         0x0602e164        0xc 00
 COMMON         0x0602e170       0x40 ../jo_engine/core.o
                0x0602e170                __jo_last_error
 COMMON         0x0602e1b0        0x4 ../jo_engine/fs.o
                0x0602e1b0                __jo_fs_background_job_count
 *fill*         0x0602e1b4        0xc 00
 COMMON         0x0602e1c0       0x40 ../jo_engine/tools.o
                0x0602e1c0                __jo_sprintf_buf
 COMMON         0x0602e200     0x13f8 ../jo_engine/sprites.o
                0x0602e200                __jo_sprite_def
                0x0602ea00                __jo_hash_table
                0x0602ee00                __jo_sprite_pic
 *fill*         0x0602f5f8        0x8 00
 COMMON         0x0602f600       0xc0 ../jo_engine/sprite_animator.o
                0x0602f600                __jo_sprite_anim_tab
 COMMON         0x0602f6c0        0x4 ../Compiler/SGL_302j/lib_coff/libcpk.a(cpk_lib.o)
                0x0602f6c0                CPK_lib_stm_init
 *fill*         0x0602f6c4        0xc 00
 COMMON         0x0602f6d0       0xc8 ../Compiler/SGL_302j/lib_coff/libcpk.a(cpk_mp.o)
                0x0602f6d0                cpk_cnt_vbl_in
                0x0602f6d4                cpk_err_func
                0x0602f6d8                cpk_system_status
                0x0602f6dc                cpk_cpu
                0x0602f6e0                cpk_hn_mask
                0x0602f6e4                cpk_hn_next
                0x0602f6f0                cpk_hn_tbl
                0x0602f770                cpk_version
                0x0602f790                cpk_err_code
                0x0602f794                cpk_err_obj
 *fill*         0x0602f798        0x8 00
 COMMON         0x0602f7a0       0x24 ../Compiler/SGL_302j/lib_coff/libcpk.a(cpk_deb.o)
                0x0602f7a0                cpkd_sys
 *fill*         0x0602f7c4        0xc 00
 COMMON         0x0602f7d0      0xf20 ../Compiler/SGL_302j/lib_coff/libcpk.a(cpk_vide.o)
                0x0602f7d0                cpk_kikakuka_0_31_tbl
                0x0602f950                cpk_process_copy_cb_tbl
                0x0602f970                cpk_kikakuka_0_255_tbl
                0x06030570                cpk_process_tbl
 COMMON         0x060306f0        0x8 ../Compiler/SGL_302j/lib_coff/libcpk.a(cpk_audi.o)
                0x060306f0                cpk_pcm_play_address_last
 *fill*         0x060306f8        0x8 00
 COMMON         0x06030700        0x8 ../Compiler/SGL_302j/lib_coff/LIBSND.a(snd_main.o)
                0x06030700                snd_adr_sys_int_work
                0x06030704                snd_msk_work_work
 *fill*         0x06030708        0x8 00
 COMMON         0x06030710        0xc ../Compiler/SGL_302j/lib_coff/LIBCD.A(GFS.O)
                0x06030710                GFMC_base
                0x06030714                gfs_mng_ptr
                0x06030718                gfs_use_scudma
 *fill*         0x0603071c        0x4 00
 COMMON         0x06030720        0x8 ../Compiler/SGL_302j/lib_coff/LIBCD.A(GFS_CDF.O)
                0x06030720                gfcf_fad
                0x06030724                gfcf_stat
 *fill*         0x06030728        0x8 00
 COMMON         0x06030730        0xc ../Compiler/SGL_302j/lib_coff/LIBCD.A(GFS_CDC.O)
                0x06030730                gfcd_fatal_err
                0x06030734                gfcd_work
                0x06030738                gfcd_playflag
 *fill*         0x0603073c        0x4 00
 COMMON         0x06030740        0x4 d:/sega saturn jo engine/compiler/sh_coff/sh-coff/bin/../lib/gcc/sh-coff/4.0-GNUSH_v0601/../../../../sh-coff/lib\libc.a(syscalls.o)
                0x06030740                errno
                0x06030744                __bend = .
                0x06030744                _end = .
LOAD ../Compiler/COMMON/cinit.o
LOAD ../Compiler/SGL_302j/lib_coff/sglarea.o
LOAD main.o
LOAD alex.o
LOAD title.o
LOAD pause.o
LOAD enemy.o
LOAD ../jo_engine/video.o
LOAD ../jo_engine/tga.o
LOAD ../jo_engine/audio.o
LOAD ../jo_engine/font.o
LOAD ../jo_engine/input.o
LOAD ../jo_engine/physics.o
LOAD ../jo_engine/core.o
LOAD ../jo_engine/math.o
LOAD ../jo_engine/malloc.o
LOAD ../jo_engine/fs.o
LOAD ../jo_engine/tools.o
LOAD ../jo_engine/sprites.o
LOAD ../jo_engine/map.o
LOAD ../jo_engine/list.o
LOAD ../jo_engine/sprite_animator.o
LOAD ../jo_engine/image.o
LOAD ../jo_engine/background.o
LOAD ../jo_engine/time.o
LOAD ../jo_engine/vdp1_command_pipeline.o
LOAD ../Compiler/SGL_302j/lib_coff/libcpk.a
LOAD ../Compiler/SGL_302j/lib_coff/LIBSND.a
LOAD ../Compiler/SGL_302j/lib_coff/LIBCD.A
LOAD ../Compiler/SGL_302j/lib_coff/LIBSGL.A
LOAD ../Compiler/SGL_302j/lib_coff/SEGA_SYS.A
LOAD d:/sega saturn jo engine/compiler/sh_coff/sh-coff/bin/../lib/gcc/sh-coff/4.0-GNUSH_v0601\libgcc.a
LOAD d:/sega saturn jo engine/compiler/sh_coff/sh-coff/bin/../lib/gcc/sh-coff/4.0-GNUSH_v0601/../../../../sh-coff/lib\libc.a
LOAD d:/sega saturn jo engine/compiler/sh_coff/sh-coff/bin/../lib/gcc/sh-coff/4.0-GNUSH_v0601\libgcc.a
OUTPUT(sl_coff.coff coff-sh)

.text.ma        0x06030750       0xe0
 .text.ma       0x06030750       0x60 ../Compiler/COMMON/cinit.o
                0x06030750                main
 .text.ma       0x060307b0       0x80 main.o
                0x06030810                make_alex_jump
                0x060307b0                make_alex_respawn

.data.fo        0x06030830       0x10
 .data.fo       0x06030830       0x10 main.o
                0x06030830                font_sprite_id

.bss.pau        0x06030840       0x10
 .bss.pau       0x06030840       0x10 main.o
                0x06030840                pauseTimer

.bss.pun        0x06030850       0x10
 .bss.pun       0x06030850       0x10 main.o
                0x06030850                punchTimer

.bss.gam        0x06030860       0x20
 .bss.gam       0x06030860       0x10 main.o
                0x06030860                gameState
 .bss.gam       0x06030870       0x10 title.o
                0x06030870                gameStarted

.data.ma        0x06030880       0x20
 .data.ma       0x06030880       0x10 main.o
 .data.ma       0x06030890       0x10 pause.o

.text.cr        0x060308a0       0x30
 .text.cr       0x060308a0       0x30 main.o
                0x060308a0                create_enemy

.text.lo        0x060308d0      0x3c0
 .text.lo       0x060308d0       0x60 main.o
                0x060308d0                load_map
 .text.lo       0x06030930      0x140 alex.o
                0x06030930                load_alex
 .text.lo       0x06030a70      0x110 title.o
                0x06030a70                load_title
 .text.lo       0x06030b80       0x90 pause.o
                0x06030b80                load_pause
 .text.lo       0x06030c10       0x80 enemy.o
                0x06030c10                load_enemy

.text.ca        0x06030c90       0x50
 .text.ca       0x06030c90       0x50 main.o
                0x06030c90                camera_handling

.text.ha        0x06030ce0      0x2d0
 .text.ha       0x06030ce0      0x2d0 main.o
                0x06030ce0                has_vertical_collision
                0x06030eb0                has_horizontal_collision

.text.dr        0x06030fb0      0x250
 .text.dr       0x06030fb0      0x250 main.o
                0x06030fb0                draw_game

.text.up        0x06031200      0x5b0
 .text.up       0x06031200      0x540 main.o
                0x06031200                update_game
 .text.up       0x06031740       0x70 enemy.o
                0x06031740                update_enemy

.text.al        0x060317b0      0x5c0
 .text.al       0x060317b0      0x3a0 main.o
                0x060317b0                alex_collision_handling
 .text.al       0x06031b50      0x220 alex.o
                0x06031b70                alex_running_animation_handler
                0x06031b50                alex_jump_animation_handler

.text.re        0x06031d70      0x260
 .text.re       0x06031d70      0x260 main.o
                0x06031d70                reset_demo

.text.in        0x06031fd0      0x5b0
 .text.in       0x06031fd0      0x5b0 main.o
                0x06031fd0                input_handler

.text.ss        0x06032580      0x110
 .text.ss       0x06032580      0x110 main.o
                0x06032580                ss_main

.data.al        0x06032690       0x20
 .data.al       0x06032690       0x20 alex.o

.rodata.        0x060326b0      0x5a0
 .rodata.       0x060326b0       0x90 alex.o
 .rodata.       0x06032740       0x50 ../jo_engine/video.o
 .rodata.       0x06032790       0x60 ../jo_engine/tga.o
 .rodata.       0x060327f0       0x80 ../jo_engine/audio.o
 .rodata.       0x06032870       0x40 ../jo_engine/font.o
 .rodata.       0x060328b0       0xb0 ../jo_engine/core.o
 .rodata.       0x06032960       0x10 ../jo_engine/math.o
 .rodata.       0x06032970       0x60 ../jo_engine/malloc.o
 .rodata.       0x060329d0       0x90 ../jo_engine/fs.o
 .rodata.       0x06032a60       0x40 ../jo_engine/tools.o
 .rodata.       0x06032aa0       0x80 ../jo_engine/sprites.o
 .rodata.       0x06032b20       0x30 ../jo_engine/map.o
 .rodata.       0x06032b50       0x10 ../jo_engine/list.o
 .rodata.       0x06032b60       0x30 ../jo_engine/sprite_animator.o
 .rodata.       0x06032b90       0xc0 ../jo_engine/image.o

.text.di        0x06032c50      0x750
 .text.di       0x06032c50      0x320 alex.o
                0x06032ca0                display_alex
                0x06032c50                display_alex_death
 .text.di       0x06032f70      0x240 title.o
                0x06032f70                display_title
 .text.di       0x060331b0       0xa0 pause.o
                0x060331b0                display_pause
 .text.di       0x06033250      0x150 enemy.o
                0x060332c0                display_enemy
                0x06033250                display_enemy_death

.text.ge        0x060333a0       0x10
 .text.ge       0x060333a0       0x10 alex.o
                0x060333a0                get_alex_sprite_id

.text.un        0x060333b0      0x150
 .text.un       0x060333b0       0x70 alex.o
                0x060333b0                unload_alex
 .text.un       0x06033420       0x60 title.o
                0x06033420                unload_title
 .text.un       0x06033480       0x50 pause.o
                0x06033480                unload_pause
 .text.un       0x060334d0       0x30 enemy.o
                0x060334d0                unload_enemy

.bss.tit        0x06033500       0x10
 .bss.tit       0x06033500       0x10 title.o
                0x06033500                titleTimer

.data.te        0x06033510       0x10
 .data.te       0x06033510       0x10 title.o

.data.im        0x06033520       0x20
 .data.im       0x06033520       0x20 title.o

.data.ti        0x06033540       0x10
 .data.ti       0x06033540       0x10 title.o

.data.Lo        0x06033550       0x20
 .data.Lo       0x06033550       0x20 title.o

.text.ga        0x06033570       0x10
 .text.ga       0x06033570       0x10 title.o
                0x06033570                game_started

.data.ri        0x06033580       0x10
 .data.ri       0x06033580       0x10 pause.o

.data.bl        0x06033590       0x10
 .data.bl       0x06033590       0x10 pause.o

.data.li        0x060335a0       0x10
 .data.li       0x060335a0       0x10 pause.o

.data.mo        0x060335b0       0x10
 .data.mo       0x060335b0       0x10 pause.o

.data.En        0x060335c0       0x10
 .data.En       0x060335c0       0x10 enemy.o

.text.co        0x060335d0       0xa0
 .text.co       0x060335d0       0xa0 enemy.o
                0x060335d0                collision_with_enemy

.text.jo        0x06033670     0x5c00
 .text.jo       0x06033670      0x470 ../jo_engine/video.o
                0x06033950                jo_video_pause
                0x06033a70                jo_video_init
                0x06033670                jo_video_stop
                0x06033700                jo_video_open_file
                0x060339b0                jo_video_play
 .text.jo       0x06033ae0      0x720 ../jo_engine/tga.o
                0x06033f60                jo_tga_loader_from_stream
                0x060340d0                jo_sprite_add_tga
                0x06033fd0                jo_sprite_add_tga_from_stream
                0x06033ef0                jo_tga_loader
                0x06033ae0                jo_sprite_add_tga_tileset
 .text.jo       0x06034200      0x420 ../jo_engine/audio.o
                0x06034270                jo_audio_init
                0x06034450                jo_audio_usage_percent
                0x060344b0                jo_audio_free_pcm
                0x06034250                jo_audio_stop_cd
                0x060342c0                jo_audio_play_sound_on_channel
                0x060343a0                jo_audio_play_sound
                0x060344f0                jo_audio_stop_sound
                0x060345b0                jo_audio_load_pcm
                0x06034200                jo_audio_play_cd_track
                0x06034240                jo_audio_set_volume
 .text.jo       0x06034620      0x5a0 ../jo_engine/font.o
                0x060348f0                jo_font_print_centered
                0x06034a80                jo_font_print
                0x06034620                jo_font_load
 .text.jo       0x06034bc0       0x70 ../jo_engine/input.o
                0x06034bc0                jo_get_input_type
 .text.jo       0x06034c30      0x880 ../jo_engine/core.o
                0x06034c50                jo_core_wait_for_slave
                0x06034d60                jo_core_suspend
                0x06035040                jo_core_add_callback
                0x06034c80                jo_core_exec_on_slave
                0x060353a0                jo_core_run
                0x06034cb0                jo_palette_to_cram
                0x06034f40                jo_core_remove_slave_callback
                0x06034ee0                jo_dump_vdp1_registers
                0x06034ca0                jo_goto_boot_menu
                0x06034f90                jo_core_add_slave_callback
                0x06034ff0                jo_core_remove_callback
                0x06034e80                jo_dump_vdp2_registers
                0x06034cf0                jo_map_to_vram
                0x06034cd0                jo_cell_to_vram
                0x060350d0                jo_core_init
 .text.jo       0x060354b0      0x520 ../jo_engine/math.o
                0x060354b0                jo_random
                0x06035880                jo_planar_rotate
                0x06035790                jo_sqrt
                0x060357f0                jo_gcd
                0x06035520                jo_atan2f_rad
 .text.jo       0x060359d0      0x4a0 ../jo_engine/malloc.o
                0x06035dc0                jo_memory_fragmentation
                0x06035c30                jo_memory_usage_percent
                0x060359d0                jo_add_memory_zone
                0x06035b80                jo_free
                0x06035a10                jo_malloc_with_behaviour
 .text.jo       0x06035e70      0x880 ../jo_engine/fs.o
                0x06036230                jo_fs_read_file
                0x06035e70                jo_fs_init
                0x060363b0                jo_fs_open
                0x06035ff0                jo_fs_read_file_async
                0x060365f0                jo_fs_close
                0x06036510                jo_fs_read_next_bytes
                0x060361c0                jo_fs_cd
                0x06035f00                jo_fs_do_background_jobs
                0x06036650                jo_fs_read_file_in_dir
 .text.jo       0x060366f0      0x510 ../jo_engine/tools.o
                0x06036b10                jo_endwith
                0x060369b0                jo_getdate
                0x060367e0                jo_clear_screen
                0x060368c0                jo_strlen